  Determining projects to restore...
  All projects are up-to-date for restore.
  OnlineTravel.Domain -> H:\Huma-Volve\OnlineTravelBookingTeamB\OnlineTravel.Domain\bin\Debug\net9.0\OnlineTravel.Domain.dll
  OnlineTravel.Application -> H:\Huma-Volve\OnlineTravelBookingTeamB\OnlineTravel.Application\bin\Debug\net9.0\OnlineTravel.Application.dll
  OnlineTravel.Infrastructure -> H:\Huma-Volve\OnlineTravelBookingTeamB\OnlineTravel.Infrastructure\bin\Debug\net9.0\OnlineTravel.Infrastructure.dll
H:\Huma-Volve\OnlineTravelBookingTeamB\OnlineTravelBookingTeamB\Program.cs(24,51): error CS0246: The type or namespace name 'FileService' could not be found (are you missing a using directive or an assembly reference?) [H:\Huma-Volve\OnlineTravelBookingTeamB\OnlineTravelBookingTeamB\OnlineTravelBookingTeamB.csproj]

Build FAILED.

H:\Huma-Volve\OnlineTravelBookingTeamB\OnlineTravelBookingTeamB\Program.cs(24,51): error CS0246: The type or namespace name 'FileService' could not be found (are you missing a using directive or an assembly reference?) [H:\Huma-Volve\OnlineTravelBookingTeamB\OnlineTravelBookingTeamB\OnlineTravelBookingTeamB.csproj]
    0 Warning(s)
    1 Error(s)

Time Elapsed 00:00:02.05
